src/app/components/JobOrderForm.tsx(174,17): error TS2353: Object literal may only specify known properties, and 'fadedWorn' does not exist in type '{ scratches: boolean; ripsHoles: boolean; wornOut: boolean; soleSeparation: boolean; yellowing: boolean; deepStains: boolean; others: string; }'.
src/app/components/JobOrderForm.tsx(321,38): error TS2345: Argument of type '{ items: ShoeEntry[]; priorityLevel: Priority; }' is not assignable to parameter of type 'Partial<JobOrder>'.
  Types of property 'items' are incompatible.
    Type 'ShoeEntry[]' is not assignable to type 'ShoeItem[]'.
      Type 'ShoeEntry' is not assignable to type 'ShoeItem'.
        Types of property 'addOns' are incompatible.
          Type '{ name: string; quantity?: number | undefined; }[]' is not assignable to type '{ name: string; quantity: number; }[]'.
            Type '{ name: string; quantity?: number | undefined; }' is not assignable to type '{ name: string; quantity: number; }'.
              Types of property 'quantity' are incompatible.
                Type 'number | undefined' is not assignable to type 'number'.
                  Type 'undefined' is not assignable to type 'number'.
src/app/components/JobOrderForm.tsx(609,17): error TS2353: Object literal may only specify known properties, and 'fadedWorn' does not exist in type '{ scratches: boolean; ripsHoles: boolean; wornOut: boolean; soleSeparation: boolean; yellowing: boolean; deepStains: boolean; others: string; }'.
